// Jest Snapshot v1, https://goo.gl/fbAQLP

exports[`verificar renderização 1`] = `"<MinhaView/>"`;
